// Jest Snapshot v1, https://goo.gl/fbAQLP

exports[`real world usage something with nested records 1`] = `
Object {
  "currentChanged": false,
  "resultHam": Array [
    1543234836586,
    Object {
      "_id": 1543234836586,
      "_rev": 1543262325753,
      "name": 1543243812705,
      "plans": Array [
        1543246278801,
        Object {
          "cit4g6b5xqop": Array [
            1543246278801,
            Object {
              "_id": 1543246278801,
              "name": 1543246278801,
              "type": 1543246278801,
            },
          ],
        },
      ],
      "type": 1543234836586,
    },
  ],
  "resultValue": Object {
    "#": Array [
      1543234836586,
      Object {
        "_id": 1543234836586,
        "_rev": 1543262325753,
        "name": 1543243812705,
        "plans": Array [
          1543246278801,
          Object {
            "cit4g6b5xqop": 1543246278801,
          },
        ],
        "type": 1543234836586,
      },
    ],
    "_id": "cisvmclrpxin",
    "_rev": "3236-81275a1419d7075f47b79215e7e41791",
    "name": "1234",
    "plans": Object {
      "cit4g6b5xqop": Object {
        "_id": "cit4g6b5xqop",
        "name": "plan 1543246278800",
        "type": "plan",
      },
    },
    "type": "project",
  },
}
`;
